[0.000078] (FF) gb/main.c:17: This is a logging message with level FATAL. No substitutions.
[0.000100] (EE) gb/main.c:18: This is a logging message with level ERROR. No substitutions.
[0.000101] (WW) gb/main.c:19: This is a logging message with level WARN. No substitutions.
[0.000102] (II) gb/main.c:20: This is a logging message with level INFO. No substitutions.
[0.000103] (DD) gb/main.c:21: This is a logging message with level DEBUG. No substitutions.
[0.000104] (TT) gb/main.c:22: This is a logging message with level TRACE. No substitutions.
[0.000105] (TT) gb/main.c:23: Substitutions:
int = 500
str = This is dynamically written! Wow!
[0.000106] (II) log.c:271: Log closed normally.
